[backblue.gif]
[fade.gif]
[index.html]
[cdn.jsdelivr.net/npm/remixicon@2.5.0/fonts/remixicon.css]
[cdn.jsdelivr.net/npm/swiper@8/swiper-bundle.min.css]
[yaser-portfolio.click/assets/img/ab-removebg-preview.png]
[yaser-portfolio.click/assets/img/terraform.jpg]
[yaser-portfolio.click/assets/img/2048.jpg]
[yaser-portfolio.click/assets/img/calc.jpg]
[yaser-portfolio.click/assets/img/stick (2).jpg]
[yaser-portfolio.click/assets/img/cat.jpg]
[yaser-portfolio.click/assets/img/dll.jpg]
[yaser-portfolio.click/assets/img/dog.jpg]
[yaser-portfolio.click/assets/img/oso.jpg]
[yaser-portfolio.click/assets/js/main.js]
[yaser-portfolio.click/index.html]
[cdn.jsdelivr.net/npm/swiper@8/swiper-bundle.min.js]
[cdn.jsdelivr.net/npm/remixicon@2.5.0/fonts/remixicondf6d.woff2]
[cdn.jsdelivr.net/npm/remixicon@2.5.0/fonts/remixicondf6d.woff]
[cdn.jsdelivr.net/npm/remixicon@2.5.0/fonts/remixicondf6d.eot]
[cdn.jsdelivr.net/npm/remixicon@2.5.0/fonts/remixicondf6d.ttf]
[cdn.jsdelivr.net/npm/remixicon@2.5.0/fonts/remixicon.css]
[cdn.jsdelivr.net/npm/swiper@8/swiper-bundle.min.css]
[yaser-portfolio.click/assets/css/main.css]
[yaser-portfolio.click/index-2.html]
[cdn.jsdelivr.net/npm/remixicon@2.5.0/fonts/remixicondf6d.svg]
[cdn.jsdelivr.net/npm/remixicon@2.5.0/fonts/remixicondf6d.svg]
